P15608_1005,truseq,ACAGTG,data/nanopore_data/run4/done_demuxing/20200104_1412_MN19414_AAU644_68125dc2/nanoseq_output/guppy/fastq/barcode3.fastq.gz
P15608_1025,truseq,ACTGAT,data/nanopore_data/run4/done_demuxing/20200104_1412_MN19414_AAU644_68125dc2/nanoseq_output/guppy/fastq/barcode8.fastq.gz
